
> contentcreator_os@0.1.0 build
> next build

▲ Next.js 16.1.1 (Turbopack)
- Environments: .env.local
- Experiments (use with caution):
  · serverActions

  Creating an optimized production build ...
✓ Compiled successfully in 11.9s
  Running TypeScript ...
Failed to compile.

./src/components/inspiration/inspiration-client.tsx:117:39
Type error: Type 'string' is not assignable to type 'never'.

[0m [90m 115 |[39m [32m                                    }`[39m}
 [90m 116 |[39m                             [33m>[39m
[31m[1m>[22m[39m[90m 117 |[39m                                 [33m<[39m[33mIcon[39m className[33m=[39m[32m"h-4 w-4"[39m weight[33m=[39m{isActive [33m?[39m [32m'fill'[39m [33m:[39m [32m'regular'[39m} [33m/[39m[33m>[39m
 [90m     |[39m                                       [31m[1m^[22m[39m
 [90m 118 |[39m                                 [33m<[39m[33mspan[39m className[33m=[39m[32m"font-medium"[39m[33m>[39m{count}[33m<[39m[33m/[39m[33mspan[39m[33m>[39m
 [90m 119 |[39m                             [33m<[39m[33m/[39m[33mbutton[39m[33m>[39m
 [90m 120 |[39m                         )[33m;[39m[0m
Next.js build worker exited with code: 1 and signal: null
