
> contentcreator_os@0.1.0 build
> next build

▲ Next.js 16.1.1 (Turbopack)
- Environments: .env.local
- Experiments (use with caution):
  · serverActions

  Creating an optimized production build ...
✓ Compiled successfully in 18.2s
  Running TypeScript ...
Failed to compile.

./src/app/app/templates/create/page.tsx:111:35
Type error: Type 'string' is not assignable to type 'never'.

[0m [90m 109 |[39m                             className[33m=[39m{[32m`flex items-center gap-2 px-4 py-2.5 rounded-xl border text-sm font-medium transition-all ${p.color}`[39m}
 [90m 110 |[39m                         [33m>[39m
[31m[1m>[22m[39m[90m 111 |[39m                             [33m<[39m[33mIcon[39m className[33m=[39m[32m"h-5 w-5"[39m weight[33m=[39m{platform [33m===[39m p[33m.[39mvalue [33m?[39m [32m'fill'[39m [33m:[39m [32m'regular'[39m} [33m/[39m[33m>[39m
 [90m     |[39m                                   [31m[1m^[22m[39m
 [90m 112 |[39m                             [33m<[39m[33mspan[39m[33m>[39m{p[33m.[39mlabel}[33m<[39m[33m/[39m[33mspan[39m[33m>[39m
 [90m 113 |[39m                         [33m<[39m[33m/[39m[33mbutton[39m[33m>[39m
 [90m 114 |[39m                     )[33m;[39m[0m
Next.js build worker exited with code: 1 and signal: null
