
> contentcreator_os@0.1.0 build
> next build

▲ Next.js 16.1.1 (Turbopack)
- Environments: .env.local
- Experiments (use with caution):
  · serverActions

  Creating an optimized production build ...
✓ Compiled successfully in 18.1s
  Running TypeScript ...
Failed to compile.

./src/components/synthesis.tsx:5:24
Type error: Could not find a declaration file for module 'three'. 'D:/code/vibecoded/contentcreator_os/node_modules/three/build/three.module.js' implicitly has an 'any' type.
  Try `npm i --save-dev @types/three` if it exists or add a new declaration (.d.ts) file containing `declare module 'three';`

[0m [90m 3 |[39m [36mimport[39m { [33mCanvas[39m[33m,[39m useFrame } [36mfrom[39m [32m"@react-three/fiber"[39m[33m;[39m
 [90m 4 |[39m [36mimport[39m { useMemo[33m,[39m useRef[33m,[39m useEffect } [36mfrom[39m [32m"react"[39m[33m;[39m
[31m[1m>[22m[39m[90m 5 |[39m [36mimport[39m [33m*[39m [36mas[39m [33mTHREE[39m [36mfrom[39m [32m"three"[39m[33m;[39m
 [90m   |[39m                        [31m[1m^[22m[39m
 [90m 6 |[39m [36mimport[39m { cn } [36mfrom[39m [32m"@/lib/utils"[39m[33m;[39m
 [90m 7 |[39m
 [90m 8 |[39m [36mconst[39m vertexShader [33m=[39m [32m`[39m[0m
Next.js build worker exited with code: 1 and signal: null
