
> contentcreator_os@0.1.0 build
> next build

▲ Next.js 16.1.1 (Turbopack)
- Environments: .env.local
- Experiments (use with caution):
  · serverActions

  Creating an optimized production build ...
✓ Compiled successfully in 13.8s
  Running TypeScript ...
  Collecting page data using 11 workers ...
  Generating static pages using 11 workers (0/47) ...
  Generating static pages using 11 workers (11/47) 
  Generating static pages using 11 workers (23/47) 
  Generating static pages using 11 workers (35/47) 
✓ Generating static pages using 11 workers (47/47) in 1071.7ms
  Finalizing page optimization ...

Route (app)
┌ ○ /
├ ○ /_not-found
├ ƒ /api/chat
├ ƒ /api/speech/transcribe
├ ƒ /api/x/callback
├ ƒ /api/x/disconnect
├ ƒ /api/x/login
├ ƒ /api/x/scheduled/dispatch
├ ƒ /app
├ ƒ /app-old/[[...slug]]
├ ƒ /app/analytics
├ ƒ /app/brand-kit
├ ƒ /app/brand-kit-page
├ ƒ /app/brand-kit/visuals
├ ƒ /app/brand-kit/voice
├ ƒ /app/calendar
├ ƒ /app/settings
├ ƒ /app/templates
├ ƒ /app/templates/[id]
├ ƒ /app/templates/create
├ ƒ /app/x
├ ƒ /app/x/calendar
├ ƒ /auth/callback
├ ƒ /auth/confirm
├ ƒ /auth/error
├ ○ /auth/forgot-password
├ ○ /auth/login
├ ○ /auth/sign-up
├ ○ /auth/sign-up-success
├ ○ /auth/update-password
├ ○ /changelog
├ ○ /icon.svg
├ ƒ /legacy
├ ƒ /legacy/ai
├ ƒ /legacy/ideas
├ ƒ /legacy/ideas/[id]
├ ƒ /legacy/ideas/new
├ ƒ /legacy/inspiration
├ ƒ /legacy/inspiration/[id]
├ ƒ /legacy/inspiration/create
├ ƒ /legacy/lead-magnets
├ ƒ /legacy/lead-magnets/create
├ ƒ /legacy/planning
├ ƒ /legacy/public-profile
├ ƒ /legacy/series
├ ƒ /legacy/series/create
├ ƒ /legacy/settings
├ ƒ /legacy/templates
├ ƒ /legacy/templates/[id]
├ ƒ /legacy/templates/create
├ ƒ /m/[slug]
├ ƒ /onboarding
├ ○ /pricing
└ ƒ /profile/[username]


ƒ Proxy (Middleware)

○  (Static)   prerendered as static content
ƒ  (Dynamic)  server-rendered on demand

